Parsing fcidump_Fe4S4_MO.txt
SCF not converged.
SCF energy = -325.999621641779
Parsing fcidump_Fe4S4_MO.txt
Number of orbitals: 36
Number of electrons (alpha): 27
Number of electrons (beta): 27
CCSD not converged
E(CCSD) = -326.8682032772509  E_corr = -0.8685816354718796
Number of qubits: 81
Gate counts: OrderedDict([('xx_plus_yy', 1746), ('p', 72), ('x', 54), ('cp', 37)])
Weight-3 terms: 10136 / 2397581
Observable has 10136 Majorana monomial(s)
Task 283/4850: 3 monomials
Expectation value: -1.4987076650e-07
Expectation value: -1.8579376003e-06
Expectation value: -2.8881259997e-06
Partial expectation value: -4.8959343665e-06
CCSD energy:               -3.2686820328e+02
Saved results/FeS_LUCJ_w3_00283of04850.npz
