Parsing fcidump_Fe4S4_MO.txt
SCF not converged.
SCF energy = -325.999621754033
Parsing fcidump_Fe4S4_MO.txt
Number of orbitals: 36
Number of electrons (alpha): 27
Number of electrons (beta): 27
CCSD not converged
E(CCSD) = -326.868203220639  E_corr = -0.868581466606114
Number of qubits: 81
Gate counts: OrderedDict([('xx_plus_yy', 1746), ('p', 72), ('x', 54), ('cp', 37)])
Weight-3 terms: 10136 / 2397581
Observable has 10136 Majorana monomial(s)
Task 68/4850: 3 monomials
Expectation value: 9.7062884436e-08
Expectation value: 0.0000000000e+00
Expectation value: -1.7684326794e-07
Partial expectation value: -7.9780383499e-08
CCSD energy:               -3.2686820322e+02
Saved results/FeS_LUCJ_w3_00068of04850.npz
