Parsing fcidump_Fe4S4_MO.txt
SCF not converged.
SCF energy = -325.999621679011
Parsing fcidump_Fe4S4_MO.txt
Number of orbitals: 36
Number of electrons (alpha): 27
Number of electrons (beta): 27
CCSD not converged
E(CCSD) = -326.8682032584636  E_corr = -0.8685815794525744
Number of qubits: 81
Gate counts: OrderedDict([('xx_plus_yy', 1746), ('p', 72), ('x', 54), ('cp', 37)])
Weight-3 terms: 10136 / 2397581
Observable has 10136 Majorana monomial(s)
Task 423/4850: 3 monomials
Expectation value: 0.0000000000e+00
Expectation value: 3.3565047608e-06
Expectation value: -5.0010944960e-07
Partial expectation value: 2.8563953112e-06
CCSD energy:               -3.2686820326e+02
Saved results/FeS_LUCJ_w3_00423of04850.npz
