Parsing fcidump_Fe4S4_MO.txt
SCF not converged.
SCF energy = -325.999621636964
Parsing fcidump_Fe4S4_MO.txt
Number of orbitals: 36
Number of electrons (alpha): 27
Number of electrons (beta): 27
CCSD not converged
E(CCSD) = -326.8682032796799  E_corr = -0.8685816427154498
Number of qubits: 81
Gate counts: OrderedDict([('xx_plus_yy', 1746), ('p', 72), ('x', 54), ('cp', 37)])
Weight-3 terms: 10136 / 2397581
Observable has 10136 Majorana monomial(s)
Task 183/4850: 3 monomials
Expectation value: 4.1668096122e-05
Expectation value: 0.0000000000e+00
Expectation value: -4.7054137199e-07
Partial expectation value: 4.1197554750e-05
CCSD energy:               -3.2686820328e+02
Saved results/FeS_LUCJ_w3_00183of04850.npz
