Parsing fcidump_Fe4S4_MO.txt
SCF not converged.
SCF energy = -325.999621647055
Parsing fcidump_Fe4S4_MO.txt
Number of orbitals: 36
Number of electrons (alpha): 27
Number of electrons (beta): 27
CCSD not converged
E(CCSD) = -326.8682032745788  E_corr = -0.8685816275237501
Number of qubits: 81
Gate counts: OrderedDict([('xx_plus_yy', 1746), ('p', 72), ('x', 54), ('cp', 37)])
Weight-3 terms: 10136 / 2397581
Observable has 10136 Majorana monomial(s)
Task 398/4850: 3 monomials
Expectation value: -4.3012148732e-06
Expectation value: 0.0000000000e+00
Expectation value: -5.6152438400e-07
Partial expectation value: -4.8627392572e-06
CCSD energy:               -3.2686820327e+02
Saved results/FeS_LUCJ_w3_00398of04850.npz
