Parsing fcidump_Fe4S4_MO.txt
SCF not converged.
SCF energy = -325.999621620762
Parsing fcidump_Fe4S4_MO.txt
Number of orbitals: 36
Number of electrons (alpha): 27
Number of electrons (beta): 27
CCSD not converged
E(CCSD) = -326.8682032878503  E_corr = -0.8685816670881092
Number of qubits: 81
Gate counts: OrderedDict([('xx_plus_yy', 1746), ('p', 72), ('x', 54), ('cp', 37)])
Weight-3 terms: 10136 / 2397581
Observable has 10136 Majorana monomial(s)
Task 386/4850: 3 monomials
Expectation value: 3.8227809256e-07
Expectation value: 6.1614531722e-07
Expectation value: -3.9933453943e-07
Partial expectation value: 5.9908887035e-07
CCSD energy:               -3.2686820329e+02
Saved results/FeS_LUCJ_w3_00386of04850.npz
