Parsing fcidump_Fe4S4_MO.txt
SCF not converged.
SCF energy = -325.999621643796
Parsing fcidump_Fe4S4_MO.txt
Number of orbitals: 36
Number of electrons (alpha): 27
Number of electrons (beta): 27
CCSD not converged
E(CCSD) = -326.8682032762244  E_corr = -0.8685816324282564
Number of qubits: 81
Gate counts: OrderedDict([('xx_plus_yy', 1746), ('p', 72), ('x', 54), ('cp', 37)])
Weight-3 terms: 10136 / 2397581
Observable has 10136 Majorana monomial(s)
Task 168/4850: 3 monomials
Expectation value: 2.4558128183e-07
Expectation value: -5.1527877269e-07
Expectation value: 3.4084163747e-04
Partial expectation value: 3.4057193998e-04
CCSD energy:               -3.2686820328e+02
Saved results/FeS_LUCJ_w3_00168of04850.npz
