Parsing fcidump_Fe4S4_MO.txt
SCF not converged.
SCF energy = -325.999621662195
Parsing fcidump_Fe4S4_MO.txt
Number of orbitals: 36
Number of electrons (alpha): 27
Number of electrons (beta): 27
CCSD not converged
E(CCSD) = -326.8682032669467  E_corr = -0.8685816047520487
Number of qubits: 81
Gate counts: OrderedDict([('xx_plus_yy', 1746), ('p', 72), ('x', 54), ('cp', 37)])
Weight-3 terms: 10136 / 2397581
Observable has 10136 Majorana monomial(s)
Task 241/4850: 3 monomials
Expectation value: 1.6871969503e-07
Expectation value: -5.8174978361e-06
Expectation value: 1.5881867761e-22
Partial expectation value: -5.6487781411e-06
CCSD energy:               -3.2686820327e+02
Saved results/FeS_LUCJ_w3_00241of04850.npz
