Parsing fcidump_Fe4S4_MO.txt
SCF not converged.
SCF energy = -325.999621697911
Parsing fcidump_Fe4S4_MO.txt
Number of orbitals: 36
Number of electrons (alpha): 27
Number of electrons (beta): 27
CCSD not converged
E(CCSD) = -326.8682032489372  E_corr = -0.8685815510263042
Number of qubits: 81
Gate counts: OrderedDict([('xx_plus_yy', 1746), ('p', 72), ('x', 54), ('cp', 37)])
Weight-3 terms: 10136 / 2397581
Observable has 10136 Majorana monomial(s)
Task 353/4850: 3 monomials
Expectation value: 0.0000000000e+00
Expectation value: -1.7356332976e-07
Expectation value: -3.4410713482e-22
Partial expectation value: -1.7356332976e-07
CCSD energy:               -3.2686820325e+02
Saved results/FeS_LUCJ_w3_00353of04850.npz
